[prestoncode.wixsite.com/website-2.html]
[static.parastorage.com/unpkg/core-js-bundle@3.2.1/minified.js]
[static.parastorage.com/unpkg/focus-within-polyfill@5.0.9/dist/focus-within-polyfill.js]
[backblue.gif]
[fade.gif]
[index.html]
[polyfill.io/v3/polyfill.mind82c.js]
[prestoncode.wixsite.com/website-2/blog-feed.xml]
[prestoncode.wixsite.com/index.html]
[prestoncode.wixsite.com/website-2/games.html]
[prestoncode.wixsite.com/website-2/unblockers.html]
[prestoncode.wixsite.com/website-2/blog.html]
[prestoncode.wixsite.com/website-2/apply-for-staff.html]
[prestoncode.wixsite.com/website-2/calculator.html]
[prestoncode.wixsite.com/website-2/switch-emulation-pc-only.html]
[static.wixstatic.com/media/bf2e5d_5c973477828949a49f6057c693cba8f9_mv2.png/v1/fill/w_123,h_123,al_c,q_85,usm_0.66_1.00_0.01,blur_2,enc_auto/bf2e5d_5c973477828949a49f6057c693cba8f9_mv2.png]
[prestoncode.wixsite.com/website-2/suggest-a-game.html]
[prestoncode.wixsite.com/website-2/blank-1.html]
[browser.sentry-cdn.com/6.18.2/bundle.min.js]
[prestoncode.wixsite.com/sitemap.f.delayed]
[prestoncode.wixsite.com/feed.10.delayed]
[prestoncode.wixsite.com/${n.11.delayed]
[static.parastorage.com/services/wix-thunderbolt/dist/thunderbolt-commons.544e0ba0.bundle.min.js]
[static.parastorage.com/services/wix-thunderbolt/dist/main.ccd25f30.bundle.min.js]
[static.parastorage.com/unpkg/lodash@4.17.21/lodash.min.js]
[static.parastorage.com/unpkg/react@18.2.0/umd/react.production.min.js]
[static.parastorage.com/unpkg/react-dom@18.2.0/umd/react-dom.production.min.js]
[prestoncode.wixsite.com/decodeURIComponent(e.17.delayed]
[static.parastorage.com/services/tag-manager-client/1.827.0/siteTags.bundle.min.js]
[prestoncode.wixsite.com/website-2.html]
[prestoncode.wixsite.com/index.html]
[static.parastorage.com/services/wix-perf-measure/1.1095.0/wix-perf-measure.umd.min.js]
[prestoncode.wixsite.com/website-2/emulation.html]
[prestoncode.wixsite.com/website-2/robots.1b.delayed]
[prestoncode.wixsite.com/website-2/sitemap.1c.delayed]
[prestoncode.wixsite.com/website-2/feed.1d.delayed]
[prestoncode.wixsite.com/website-2/${n.1e.delayed]
[prestoncode.wixsite.com/website-2/decodeURIComponent(e.1f.delayed]
[prestoncode.wixsite.com/website-2/games.html]
[static.parastorage.com/services/wix-thunderbolt/dist/originTrials.41d7301a.bundle.min.js]
[prestoncode.wixsite.com/website-2/unblockers.html]
[static.parastorage.com/services/communities-blog-ooi/1.1520.0/client-viewer/7577.chunk.min.js]
[static.parastorage.com/services/communities-blog-ooi/1.1520.0/client-viewer/post-list-pro-gallery.chunk.min.js]
[prestoncode.wixsite.com/website-2/post/update-1-1-6.html]
[prestoncode.wixsite.com/website-2/post/update-1-1-5.html]
[prestoncode.wixsite.com/website-2/post/new-employee.html]
[prestoncode.wixsite.com/website-2/blog.html]
[prestoncode.wixsite.com/website-2/apply-for-staff.html]
[prestoncode.wixsite.com/website-2/calculator.html]
[prestoncode.wixsite.com/website-2/switch-emulation-pc-only.html]
[prestoncode.wixsite.com/website-2/suggest-a-game.html]
[prestoncode.wixsite.com/website-2/blank-1.html]
[prestoncode.wixsite.com/sitemap.html]
[prestoncode.wixsite.com/feed.html]
[prestoncode.wixsite.com/${n.html]
[prestoncode.wixsite.com/decodeURIComponent(e.html]
[prestoncode.wixsite.com/website-2/emulation.html]
[prestoncode.wixsite.com/website-2/robots.html]
[prestoncode.wixsite.com/website-2/sitemap.html]
[prestoncode.wixsite.com/website-2/feed.html]
[prestoncode.wixsite.com/website-2/${n.html]
[prestoncode.wixsite.com/website-2/decodeURIComponent(e.html]
[prestoncode.wixsite.com/website-2/post/preston-code-unblocker.html]
[static.parastorage.com/services/communities-blog-ooi/1.1520.0/client-viewer/2347.chunk.min.js]
[static.parastorage.com/services/communities-blog-ooi/1.1520.0/client-viewer/7547.chunk.min.js]
[static.parastorage.com/services/communities-blog-ooi/1.1520.0/client-viewer/3933.chunk.min.js]
[static.parastorage.com/services/communities-blog-ooi/1.1520.0/client-viewer/3482.chunk.min.js]
[static.parastorage.com/services/communities-blog-ooi/1.1520.0/client-viewer/8989.chunk.min.js]
[static.parastorage.com/services/communities-blog-ooi/1.1520.0/client-viewer/4648.chunk.min.js]
[static.parastorage.com/services/communities-blog-ooi/1.1520.0/client-viewer/6402.chunk.min.js]
[static.parastorage.com/services/communities-blog-ooi/1.1520.0/client-viewer/wix-ricos-viewer.chunk.min.js]
[prestoncode.wixsite.com/website-2/post/robots.html]
[prestoncode.wixsite.com/website-2/post/sitemap.30.delayed]
[prestoncode.wixsite.com/website-2/post/feed.31.delayed]
[prestoncode.wixsite.com/website-2/post/${n.html]
[prestoncode.wixsite.com/website-2/post/update-1-1-6.html]
[prestoncode.wixsite.com/website-2/post/new-employee.html]
[prestoncode.wixsite.com/website-2/post/update-1-1-5.html]
[prestoncode.wixsite.com/website-2/post/preston-code-unblocker.html]
[prestoncode.wixsite.com/website-2/post/robots.html]
[prestoncode.wixsite.com/website-2/post/sitemap.html]
[prestoncode.wixsite.com/website-2/post/feed.html]
[prestoncode.wixsite.com/website-2/post/decodeURIComponent(e.html]
[prestoncode.wixsite.com/website-2/post/${n.html]
[prestoncode.wixsite.com/website-2/post/decodeURIComponent(e.html]
[prestoncode.wixsite.com/website-2/post/${n-2.html]
[prestoncode.wixsite.com/website-2/post/${n-2.html]
