[www.wix.com/favicon.ico]
[backblue.gif]
[fade.gif]
[index.html]
[static.parastorage.com/unpkg/core-js-bundle@3.2.1/minified.js]
[static.parastorage.com/unpkg/focus-within-polyfill@5.0.9/dist/focus-within-polyfill.js]
[polyfill.io/v3/polyfill.mind82c.js]
[prestoncode.wixsite.com/preston-code/blog-feed.xml]
[static.parastorage.com/services/wix-thunderbolt/dist/originTrials.41d7301a.bundle.min.js]
[static.wixstatic.com/media/bf2e5d_5c973477828949a49f6057c693cba8f9_mv2.png/v1/fill/w_123,h_123,al_c,q_85,usm_0.66_1.00_0.01,blur_2,enc_auto/bf2e5d_5c973477828949a49f6057c693cba8f9_mv2.png]
[static.wixstatic.com/media/bae78a_81a3dbe10d4842ffabc7572d0432a055_mv2.jpeg/v1/fill/w_55,h_57,al_c,q_80,usm_0.66_1.00_0.01,blur_1,enc_auto/bae78a_81a3dbe10d4842ffabc7572d0432a055_mv2.jpg]
[static.wixstatic.com/media/bae78a_d883d426551841e8af99c8d4f1f511c0_mv2.jpeg/v1/fill/w_69,h_46,al_c,q_80,usm_0.66_1.00_0.01,blur_1,enc_auto/bae78a_d883d426551841e8af99c8d4f1f511c0_mv2.jpg]
[static.wixstatic.com/media/bae78a_98a270d0e469433ab627f58494ba2f7a_mv2.png/v1/fill/w_75,h_36,al_c,q_85,usm_0.66_1.00_0.01,blur_2,enc_auto/bae78a_98a270d0e469433ab627f58494ba2f7a_mv2.png]
[prestoncode.wixsite.com/preston-code.html]
[static.parastorage.com/services/third-party/fonts/user-site-fonts/fonts/874bbc4a-0091-49f0-93ef-ea4e69c3cc7a.svg]
[static.parastorage.com/services/third-party/fonts/user-site-fonts/fonts/375c70e5-6822-492b-8408-7cd350440af7.svg]
[browser.sentry-cdn.com/6.18.2/bundle.min.js]
[static.wixstatic.com/media/bae78a_eff85965b17e46d4b363e37d7d696673_mv2.png/v1/fill/w_58,h_54,al_c,q_85,usm_0.66_1.00_0.01,blur_1,enc_auto/bae78a_eff85965b17e46d4b363e37d7d696673_mv2.png]
[static.parastorage.com/services/third-party/fonts/user-site-fonts/fonts/b791c850-fde1-48b3-adf0-8998d55b0866.svg]
[static.parastorage.com/services/wix-thunderbolt/dist/thunderbolt-commons.544e0ba0.bundle.min.js]
[static.parastorage.com/services/third-party/fonts/user-site-fonts/fonts/66cac56e-d017-4544-9d0c-f7d978f0c5c2.svg]
[static.parastorage.com/unpkg/lodash@4.17.21/lodash.min.js]
[static.parastorage.com/services/third-party/fonts/user-site-fonts/fonts/9c58e9ea-fdea-4b9c-b0f9-0a2157389ed0.svg]
[static.parastorage.com/services/wix-thunderbolt/dist/main.ccd25f30.bundle.min.js]
[static.parastorage.com/unpkg/react@16.14.0/umd/react.production.min.js]
[prestoncode.wixsite.com/index.html]
[static.parastorage.com/services/tag-manager-client/1.827.0/siteTags.bundle.min.js]
[static.parastorage.com/services/wix-perf-measure/1.1095.0/wix-perf-measure.umd.min.js]
[static.parastorage.com/unpkg/react-dom@16.14.0/umd/react-dom.production.min.js]
[prestoncode.wixsite.com/preston-code/robots.26.delayed]
[prestoncode.wixsite.com/preston-code/sitemap.xml]
[prestoncode.wixsite.com/preston-code/feed.28.delayed]
[prestoncode.wixsite.com/preston-code/${n.29.delayed]
[prestoncode.wixsite.com/preston-code/decodeURIComponent(e.2a.delayed]
[prestoncode.wixsite.com/preston-code/test.html]
[prestoncode.wixsite.com/preston-code/games.html]
[prestoncode.wixsite.com/preston-code/unblockers.html]
[prestoncode.wixsite.com/preston-code/blog.html]
[static.parastorage.com/services/communities-blog-ooi/1.1520.0/client-viewer/post-list-pro-gallery.chunk.min.js]
[prestoncode.wixsite.com/preston-code/apply-for-staff.html]
[static.parastorage.com/services/communities-blog-ooi/1.1520.0/client-viewer/7577.chunk.min.js]
[prestoncode.wixsite.com/preston-code/calculator.html]
[prestoncode.wixsite.com/preston-code/switch-emulation-pc-only.html]
[prestoncode.wixsite.com/preston-code/suggest-a-game.html]
[prestoncode.wixsite.com/preston-code/blank-1.html]
[prestoncode.wixsite.com/sitemap.html]
[prestoncode.wixsite.com/feed.html]
[prestoncode.wixsite.com/${n.html]
[prestoncode.wixsite.com/decodeURIComponent(e.html]
[prestoncode.wixsite.com/preston-code/robots.html]
[prestoncode.wixsite.com/preston-code/feed.html]
[prestoncode.wixsite.com/preston-code/${n.html]
[prestoncode.wixsite.com/preston-code/decodeURIComponent(e.html]
[prestoncode.wixsite.com/preston-code/emulation.html]
[static.parastorage.com/unpkg/react@18.2.0/umd/react.production.min.js]
[static.parastorage.com/unpkg/react-dom@18.2.0/umd/react-dom.production.min.js]
[static.parastorage.com/services/communities-blog-ooi/1.1520.0/client-viewer/2347.chunk.min.js]
[prestoncode.wixsite.com/preston-code/post/sitemap.3d.delayed]
[static.parastorage.com/services/communities-blog-ooi/1.1520.0/client-viewer/3933.chunk.min.js]
[static.parastorage.com/services/communities-blog-ooi/1.1520.0/client-viewer/7547.chunk.min.js]
[prestoncode.wixsite.com/preston-code/post/feed.3e.delayed]
[static.parastorage.com/services/communities-blog-ooi/1.1520.0/client-viewer/3482.chunk.min.js]
[prestoncode.wixsite.com/preston-code/post/update-1-1-6.html]
[prestoncode.wixsite.com/preston-code/post/new-employee.html]
[static.parastorage.com/services/communities-blog-ooi/1.1520.0/client-viewer/8989.chunk.min.js]
[static.parastorage.com/services/communities-blog-ooi/1.1520.0/client-viewer/4648.chunk.min.js]
[static.parastorage.com/services/communities-blog-ooi/1.1520.0/client-viewer/6402.chunk.min.js]
[prestoncode.wixsite.com/preston-code/post/update-1-1-5.html]
[static.parastorage.com/services/communities-blog-ooi/1.1520.0/client-viewer/wix-ricos-viewer.chunk.min.js]
[prestoncode.wixsite.com/preston-code/post/preston-code-unblocker.html]
[prestoncode.wixsite.com/preston-code/post/robots.html]
[prestoncode.wixsite.com/preston-code/post/sitemap.html]
[prestoncode.wixsite.com/preston-code/post/feed.html]
[prestoncode.wixsite.com/preston-code/post/${n.html]
[prestoncode.wixsite.com/preston-code/post/decodeURIComponent(e.html]
[prestoncode.wixsite.com/preston-code/post/${n-2.html]
